2 MiB, 32109 MiB
q8_direct_min,start,ctx=16,b=32,ub=32
ggml_cuda_init: found 1 CUDA devices (Total VRAM: 32109 MiB):
  Device 0: NVIDIA GeForce RTX 5090, compute capability 12.0, VMM: yes, VRAM: 32109 MiB
logit_checksum,prompt,e0f78882c9a4e0d5,nonfinite=0
[
  {
    "build_commit": "b820cc8",
    "build_number": 1,
    "cpu_info": "Intel(R) Core(TM) Ultra 5 230F",
    "gpu_info": "NVIDIA GeForce RTX 5090",
    "backends": "CUDA",
    "model_filename": "/home/wici/gemma-4-31B-it-Q8_0.gguf",
    "model_type": "gemma4 31B Q8_0",
    "model_size": 32619841776,
    "model_n_params": 30697345596,
    "n_batch": 32,
    "n_ubatch": 32,
    "n_threads": 8,
    "cpu_mask": "0x0",
    "cpu_strict": false,
    "poll": 50,
    "type_k": "f16",
    "type_v": "f16",
    "n_gpu_layers": 61,
    "n_cpu_moe": 0,
    "split_mode": "layer",
    "main_gpu": 0,
    "no_kv_offload": false,
    "flash_attn": 1,
    "devices": "auto",
    "tensor_split": "0.00",
    "tensor_buft_overrides": "none",
    "use_mmap": true,
    "use_direct_io": false,
    "embeddings": false,
    "no_op_offload": 0,
    "no_host": false,
    "fit_target": 0,
    "fit_min_ctx": 0,
    "n_ctx": 256,
    "n_prompt": 8,
    "n_gen": 8,
    "n_depth": 0,
    "test_time": "2026-08-12T10:21:11Z",
    "avg_ns": 297195435,
    "stddev_ns": 0,
    "avg_ts": 53.836628,
    "stddev_ts": 0.000000,
    "samples_ns": [ 297195435 ],
    "samples_ts": [ 53.8366 ]
  }logit_checksum,decode,255e88c16c56dd22,nonfinite=0

]
q8_direct_min,end,ctx=16,b=32,ub=32,rc=0
